// Jest Snapshot v1, https://goo.gl/fbAQLP

exports[`Pruebas en <GifItem /> Debe hacer match con el snapshot 1`] = `
<div>
  <div
    class="card"
  >
    <img
      alt="Hola Mundo"
      src="https://prueba.com/foto.png"
    />
    <p>
      Hola Mundo
    </p>
  </div>
</div>
`;
